#! /foss/tools/iverilog/bin/vvp
:ivl_version "13.0 (devel)" "(s20250103-44-gf82c6c7b-dirty)";
:ivl_delay_selection "TYPICAL";
:vpi_time_precision - 12;
:vpi_module "/foss/tools/iverilog/lib/ivl/system.vpi";
:vpi_module "/foss/tools/iverilog/lib/ivl/vhdl_sys.vpi";
:vpi_module "/foss/tools/iverilog/lib/ivl/vhdl_textio.vpi";
:vpi_module "/foss/tools/iverilog/lib/ivl/v2005_math.vpi";
:vpi_module "/foss/tools/iverilog/lib/ivl/va_math.vpi";
:vpi_module "/foss/tools/iverilog/lib/ivl/v2009.vpi";
S_0x575de422d2a0 .scope package, "$unit" "$unit" 2 1;
 .timescale 0 0;
S_0x575de422b640 .scope module, "tb_control_store_random" "tb_control_store_random" 3 3;
 .timescale -9 -12;
v0x575de425f1e0_0 .var "A_vec", 31 0;
v0x575de425f2c0_0 .var "B_vec", 31 0;
v0x575de425f360_0 .var/2s "NUM_TESTS", 31 0;
v0x575de425f430_0 .var "clk", 0 0;
v0x575de425f500_0 .net "cosine_similarity", 15 0, v0x575de425c1a0_0;  1 drivers
v0x575de425f5a0_0 .net "done", 0 0, v0x575de425c420_0;  1 drivers
v0x575de425f670_0 .var "expected", 15 0;
v0x575de425f710_0 .var/2s "pass", 31 0;
v0x575de425f7f0_0 .var/real "pass_rate", 0 0;
v0x575de425f940_0 .var "reset", 0 0;
v0x575de425fa10_0 .var/2s "scaled", 31 0;
v0x575de425fad0_0 .var "start", 0 0;
S_0x575de41faf70 .scope begin, "$ivl_for_loop0" "$ivl_for_loop0" 3 53, 3 53 0, S_0x575de422b640;
 .timescale -9 -12;
v0x575de42325b0_0 .var/2s "t", 31 0;
E_0x575de4193ed0 .event posedge, v0x575de425c0e0_0;
E_0x575de41d36c0 .event anyedge, v0x575de425c420_0;
S_0x575de4259850 .scope module, "dut" "control_store" 3 18, 4 6 0, S_0x575de422b640;
 .timescale 0 0;
    .port_info 0 /INPUT 1 "clk";
    .port_info 1 /INPUT 1 "reset";
    .port_info 2 /INPUT 1 "start";
    .port_info 3 /OUTPUT 1 "done";
    .port_info 4 /INPUT 32 "A_vec";
    .port_info 5 /INPUT 32 "B_vec";
    .port_info 6 /OUTPUT 16 "cosine_similarity";
L_0x575de42324a0 .functor BUFZ 32, L_0x575de425fdc0, C4<00000000000000000000000000000000>, C4<00000000000000000000000000000000>, C4<00000000000000000000000000000000>;
v0x575de425aa20_0 .net "A_vec", 31 0, v0x575de425f1e0_0;  1 drivers
v0x575de425ab20 .array "A_vec_slice", 3 0;
v0x575de425ab20_0 .net v0x575de425ab20 0, 7 0, L_0x575de4261500; 1 drivers
v0x575de425ab20_1 .net v0x575de425ab20 1, 7 0, L_0x575de42615d0; 1 drivers
v0x575de425ab20_2 .net v0x575de425ab20 2, 7 0, L_0x575de4261740; 1 drivers
v0x575de425ab20_3 .net v0x575de425ab20 3, 7 0, L_0x575de4261810; 1 drivers
v0x575de425ac60_0 .net "B_vec", 31 0, v0x575de425f2c0_0;  1 drivers
v0x575de425ad20 .array "B_vec_slice", 3 0;
v0x575de425ad20_0 .net v0x575de425ad20 0, 7 0, L_0x575de42619c0; 1 drivers
v0x575de425ad20_1 .net v0x575de425ad20 1, 7 0, L_0x575de4261a90; 1 drivers
v0x575de425ad20_2 .net v0x575de425ad20 2, 7 0, L_0x575de4261c20; 1 drivers
v0x575de425ad20_3 .net v0x575de425ad20 3, 7 0, L_0x575de4261cf0; 1 drivers
v0x575de425ae60 .array "RegOutA", 0 2, 15 0;
v0x575de425af70_0 .var "RegOutA_indata", 15 0;
v0x575de425b050_0 .var "RegOutA_rd_data", 15 0;
v0x575de425b130_0 .net "RegOutA_slice", 7 0, L_0x575de4261ec0;  1 drivers
v0x575de425b210 .array "RegOutB", 0 2, 15 0;
v0x575de425b360_0 .var "RegOutB_indata", 15 0;
v0x575de425b440_0 .var "RegOutB_rd_data", 15 0;
v0x575de425b520_0 .net "RegOutB_slice", 7 0, L_0x575de4261fc0;  1 drivers
v0x575de425b600_0 .net *"_ivl_1", 14 0, L_0x575de425fba0;  1 drivers
v0x575de425b6e0_0 .net *"_ivl_4", 31 0, L_0x575de425fdc0;  1 drivers
v0x575de425b7c0_0 .net *"_ivl_6", 5 0, L_0x575de425fe60;  1 drivers
L_0x744ccba60018 .functor BUFT 1, C4<0>, C4<0>, C4<0>, C4<0>;
v0x575de425b8a0_0 .net *"_ivl_9", 0 0, L_0x744ccba60018;  1 drivers
v0x575de425b980_0 .var "a_vec_opA", 7 0;
v0x575de425ba60_0 .net "a_vec_wr_en", 0 0, L_0x575de4260140;  1 drivers
v0x575de425bb20_0 .net "accum_clr", 0 0, L_0x575de4260aa0;  1 drivers
v0x575de425bbe0_0 .var "accum_indata", 15 0;
v0x575de425bcc0_0 .net "accum_indata_clr", 15 0, L_0x575de425fca0;  1 drivers
v0x575de425bda0_0 .var "accum_out", 15 0;
v0x575de425be80_0 .var "b_vec_opB", 7 0;
v0x575de425bf60_0 .net "b_vec_wr_en", 0 0, L_0x575de4260220;  1 drivers
v0x575de425c020_0 .var "busy", 0 0;
v0x575de425c0e0_0 .net "clk", 0 0, v0x575de425f430_0;  1 drivers
v0x575de425c1a0_0 .var "cosine_similarity", 15 0;
v0x575de425c280_0 .var "div_out", 15 0;
v0x575de425c360_0 .net "div_sel", 0 0, L_0x575de4260670;  1 drivers
v0x575de425c420_0 .var "done", 0 0;
v0x575de425c4e0_0 .net "micro_word", 31 0, L_0x575de42324a0;  1 drivers
v0x575de425c5c0_0 .var "mul_out", 15 0;
v0x575de425c6a0_0 .net "nxt_uPC", 5 0, L_0x575de4260050;  1 drivers
v0x575de425c780_0 .var "opA", 7 0;
v0x575de425c860_0 .var "opB", 7 0;
v0x575de425c940_0 .net "opa_sel", 1 0, L_0x575de4260470;  1 drivers
v0x575de425ca20_0 .net "opb_sel", 1 0, L_0x575de4260540;  1 drivers
v0x575de425cb00_0 .var "pc", 4 0;
v0x575de425cbe0_0 .net "regOutA_rd_addr", 1 0, L_0x575de4260d70;  1 drivers
v0x575de425ccc0_0 .net "regOutA_sel", 1 0, L_0x575de4260880;  1 drivers
v0x575de425cda0_0 .net "regOutA_wr_addr", 1 0, L_0x575de4260b40;  1 drivers
v0x575de425ce80_0 .net "regOutA_wr_en", 0 0, L_0x575de4260ca0;  1 drivers
v0x575de425cf40_0 .net "regOutB_rd_addr", 1 0, L_0x575de4260e40;  1 drivers
v0x575de425d020_0 .net "regOutB_sel", 1 0, L_0x575de4260950;  1 drivers
v0x575de425d100_0 .net "regOutB_wr_addr", 1 0, L_0x575de4260ee0;  1 drivers
v0x575de425d1e0_0 .net "regOutB_wr_en", 0 0, L_0x575de42611c0;  1 drivers
v0x575de425d2a0_0 .net "reset", 0 0, v0x575de425f940_0;  1 drivers
v0x575de425d360 .array "rom", 24 0, 31 0;
v0x575de425d420_0 .var "sqrt_indata", 15 0;
v0x575de425d500_0 .var "sqrt_out", 15 0;
v0x575de425d5e0_0 .net "sqrt_sel", 0 0, L_0x575de4260740;  1 drivers
v0x575de425d6a0_0 .net "sqrt_start", 0 0, L_0x575de4261370;  1 drivers
v0x575de425d760_0 .net "start", 0 0, v0x575de425fad0_0;  1 drivers
v0x575de425d820_0 .net "vec_sel", 1 0, L_0x575de4260350;  1 drivers
E_0x575de41f18e0/0 .event negedge, v0x575de425d2a0_0;
E_0x575de41f18e0/1 .event posedge, v0x575de425c0e0_0;
E_0x575de41f18e0 .event/or E_0x575de41f18e0/0, E_0x575de41f18e0/1;
E_0x575de41cd5c0/0 .event anyedge, v0x575de425d820_0, v0x575de425ab20_0, v0x575de425ab20_1, v0x575de425ab20_2;
E_0x575de41cd5c0/1 .event anyedge, v0x575de425ab20_3, v0x575de425ad20_0, v0x575de425ad20_1, v0x575de425ad20_2;
E_0x575de41cd5c0/2 .event anyedge, v0x575de425ad20_3, v0x575de425c940_0, v0x575de425b050_0, v0x575de425ca20_0;
E_0x575de41cd5c0/3 .event anyedge, v0x575de425b440_0, v0x575de425cb00_0, v0x575de425d5e0_0, v0x575de425bda0_0;
E_0x575de41cd5c0/4 .event anyedge, v0x575de425bcc0_0, v0x575de425ccc0_0, v0x575de425d020_0;
E_0x575de41cd5c0 .event/or E_0x575de41cd5c0/0, E_0x575de41cd5c0/1, E_0x575de41cd5c0/2, E_0x575de41cd5c0/3, E_0x575de41cd5c0/4;
L_0x575de425fba0 .repeat 15, 15, L_0x575de4260aa0;
L_0x575de425fca0 .concat [ 1 15 0 0], L_0x575de4260aa0, L_0x575de425fba0;
L_0x575de425fdc0 .array/port v0x575de425d360, L_0x575de425fe60;
L_0x575de425fe60 .concat [ 5 1 0 0], v0x575de425cb00_0, L_0x744ccba60018;
L_0x575de4260050 .part L_0x575de42324a0, 0, 6;
L_0x575de4260140 .part L_0x575de42324a0, 6, 1;
L_0x575de4260220 .part L_0x575de42324a0, 7, 1;
L_0x575de4260350 .part L_0x575de42324a0, 8, 2;
L_0x575de4260470 .part L_0x575de42324a0, 10, 2;
L_0x575de4260540 .part L_0x575de42324a0, 12, 2;
L_0x575de4260670 .part L_0x575de42324a0, 14, 1;
L_0x575de4260740 .part L_0x575de42324a0, 15, 1;
L_0x575de4260880 .part L_0x575de42324a0, 16, 2;
L_0x575de4260950 .part L_0x575de42324a0, 18, 2;
L_0x575de4260aa0 .part L_0x575de42324a0, 20, 1;
L_0x575de4260b40 .part L_0x575de42324a0, 21, 2;
L_0x575de4260ca0 .part L_0x575de42324a0, 23, 1;
L_0x575de4260d70 .part L_0x575de42324a0, 24, 2;
L_0x575de4260ee0 .part L_0x575de42324a0, 26, 2;
L_0x575de42611c0 .part L_0x575de42324a0, 28, 1;
L_0x575de4260e40 .part L_0x575de42324a0, 29, 2;
L_0x575de4261370 .part L_0x575de42324a0, 31, 1;
L_0x575de4261500 .part v0x575de425f1e0_0, 0, 8;
L_0x575de42615d0 .part v0x575de425f1e0_0, 8, 8;
L_0x575de4261740 .part v0x575de425f1e0_0, 16, 8;
L_0x575de4261810 .part v0x575de425f1e0_0, 24, 8;
L_0x575de42619c0 .part v0x575de425f2c0_0, 0, 8;
L_0x575de4261a90 .part v0x575de425f2c0_0, 8, 8;
L_0x575de4261c20 .part v0x575de425f2c0_0, 16, 8;
L_0x575de4261cf0 .part v0x575de425f2c0_0, 24, 8;
L_0x575de4261ec0 .part v0x575de425b050_0, 0, 8;
L_0x575de4261fc0 .part v0x575de425b440_0, 0, 8;
S_0x575de4259c00 .scope autofunction.vec4.s4, "divider" "divider" 4 243, 4 243 0, S_0x575de4259850;
 .timescale 0 0;
v0x575de4232650_0 .var "div_1_8", 15 0;
v0x575de423b270_0 .var "div_2_8", 15 0;
v0x575de4259ea0_0 .var "div_3_8", 15 0;
v0x575de4259f60_0 .var "div_4_8", 15 0;
v0x575de425a040_0 .var "div_5_8", 15 0;
v0x575de425a170_0 .var "div_6_8", 15 0;
v0x575de425a250_0 .var "div_7_8", 15 0;
v0x575de425a330_0 .var "dividend", 15 0;
; Variable divider is vec4 return value of scope S_0x575de4259c00
v0x575de425a4f0_0 .var "divisor", 15 0;
v0x575de425a5d0_0 .var "pc", 4 0;
TD_tb_control_store_random.dut.divider ;
    %load/vec4 v0x575de425a4f0_0;
    %store/vec4 v0x575de4232650_0, 0, 16;
    %load/vec4 v0x575de425a4f0_0;
    %ix/load 4, 1, 0;
    %flag_set/imm 4, 0;
    %shiftl 4;
    %store/vec4 v0x575de423b270_0, 0, 16;
    %load/vec4 v0x575de4232650_0;
    %load/vec4 v0x575de423b270_0;
    %add;
    %store/vec4 v0x575de4259ea0_0, 0, 16;
    %load/vec4 v0x575de425a4f0_0;
    %ix/load 4, 2, 0;
    %flag_set/imm 4, 0;
    %shiftl 4;
    %store/vec4 v0x575de4259f60_0, 0, 16;
    %load/vec4 v0x575de4259f60_0;
    %load/vec4 v0x575de4232650_0;
    %add;
    %store/vec4 v0x575de425a040_0, 0, 16;
    %load/vec4 v0x575de4259f60_0;
    %load/vec4 v0x575de423b270_0;
    %add;
    %store/vec4 v0x575de425a170_0, 0, 16;
    %load/vec4 v0x575de425a170_0;
    %load/vec4 v0x575de4232650_0;
    %add;
    %store/vec4 v0x575de425a250_0, 0, 16;
    %load/vec4 v0x575de425a4f0_0;
    %ix/load 4, 3, 0;
    %flag_set/imm 4, 0;
    %shiftl 4;
    %load/vec4 v0x575de425a330_0;
    %ix/load 4, 3, 0;
    %flag_set/imm 4, 0;
    %shiftl 4;
    %cmp/u;
    %jmp/0xz  T_0.0, 5;
    %pushi/vec4 8, 0, 4;
    %ret/vec4 0, 0, 4;  Assign to divider (store_vec4_to_lval)
    %jmp T_0.1;
T_0.0 ;
    %load/vec4 v0x575de425a250_0;
    %load/vec4 v0x575de425a330_0;
    %ix/load 4, 3, 0;
    %flag_set/imm 4, 0;
    %shiftl 4;
    %cmp/u;
    %jmp/0xz  T_0.2, 5;
    %pushi/vec4 7, 0, 4;
    %ret/vec4 0, 0, 4;  Assign to divider (store_vec4_to_lval)
    %jmp T_0.3;
T_0.2 ;
    %load/vec4 v0x575de425a170_0;
    %load/vec4 v0x575de425a330_0;
    %ix/load 4, 3, 0;
    %flag_set/imm 4, 0;
    %shiftl 4;
    %cmp/u;
    %jmp/0xz  T_0.4, 5;
    %pushi/vec4 6, 0, 4;
    %ret/vec4 0, 0, 4;  Assign to divider (store_vec4_to_lval)
    %jmp T_0.5;
T_0.4 ;
    %load/vec4 v0x575de425a040_0;
    %load/vec4 v0x575de425a330_0;
    %ix/load 4, 3, 0;
    %flag_set/imm 4, 0;
    %shiftl 4;
    %cmp/u;
    %jmp/0xz  T_0.6, 5;
    %pushi/vec4 5, 0, 4;
    %ret/vec4 0, 0, 4;  Assign to divider (store_vec4_to_lval)
    %jmp T_0.7;
T_0.6 ;
    %load/vec4 v0x575de4259f60_0;
    %load/vec4 v0x575de425a330_0;
    %ix/load 4, 3, 0;
    %flag_set/imm 4, 0;
    %shiftl 4;
    %cmp/u;
    %jmp/0xz  T_0.8, 5;
    %pushi/vec4 4, 0, 4;
    %ret/vec4 0, 0, 4;  Assign to divider (store_vec4_to_lval)
    %jmp T_0.9;
T_0.8 ;
    %load/vec4 v0x575de4259ea0_0;
    %load/vec4 v0x575de425a330_0;
    %ix/load 4, 3, 0;
    %flag_set/imm 4, 0;
    %shiftl 4;
    %cmp/u;
    %jmp/0xz  T_0.10, 5;
    %pushi/vec4 3, 0, 4;
    %ret/vec4 0, 0, 4;  Assign to divider (store_vec4_to_lval)
    %jmp T_0.11;
T_0.10 ;
    %load/vec4 v0x575de423b270_0;
    %load/vec4 v0x575de425a330_0;
    %ix/load 4, 3, 0;
    %flag_set/imm 4, 0;
    %shiftl 4;
    %cmp/u;
    %jmp/0xz  T_0.12, 5;
    %pushi/vec4 2, 0, 4;
    %ret/vec4 0, 0, 4;  Assign to divider (store_vec4_to_lval)
    %jmp T_0.13;
T_0.12 ;
    %load/vec4 v0x575de4232650_0;
    %load/vec4 v0x575de425a330_0;
    %ix/load 4, 3, 0;
    %flag_set/imm 4, 0;
    %shiftl 4;
    %cmp/u;
    %jmp/0xz  T_0.14, 5;
    %pushi/vec4 1, 0, 4;
    %ret/vec4 0, 0, 4;  Assign to divider (store_vec4_to_lval)
    %jmp T_0.15;
T_0.14 ;
    %load/vec4 v0x575de425a330_0;
    %pad/u 32;
    %ix/load 4, 3, 0;
    %flag_set/imm 4, 0;
    %shiftl 4;
    %cmpi/u 0, 0, 32;
    %flag_or 5, 4; GT is !LE
    %flag_inv 5;
    %jmp/0xz  T_0.16, 5;
    %pushi/vec4 0, 0, 4;
    %ret/vec4 0, 0, 4;  Assign to divider (store_vec4_to_lval)
    %jmp T_0.17;
T_0.16 ;
    %pushi/vec4 0, 0, 4;
    %ret/vec4 0, 0, 4;  Assign to divider (store_vec4_to_lval)
T_0.17 ;
T_0.15 ;
T_0.13 ;
T_0.11 ;
T_0.9 ;
T_0.7 ;
T_0.5 ;
T_0.3 ;
T_0.1 ;
    %end;
S_0x575de425a6b0 .scope autofunction.vec4.s16, "sqrt" "sqrt" 4 280, 4 280 0, S_0x575de4259850;
 .timescale 0 0;
; Variable sqrt is vec4 return value of scope S_0x575de425a6b0
v0x575de425a940_0 .var "square", 15 0;
TD_tb_control_store_random.dut.sqrt ;
    %load/vec4 v0x575de425a940_0;
    %pad/u 32;
    %cmpi/u 4095, 0, 32;
    %flag_or 5, 4; GT is !LE
    %flag_inv 5;
    %jmp/0xz  T_1.18, 5;
    %pushi/vec4 64, 0, 16;
    %ret/vec4 0, 0, 16;  Assign to sqrt (store_vec4_to_lval)
    %jmp T_1.19;
T_1.18 ;
    %load/vec4 v0x575de425a940_0;
    %pad/u 32;
    %cmpi/u 3968, 0, 32;
    %flag_or 5, 4; GT is !LE
    %flag_inv 5;
    %jmp/0xz  T_1.20, 5;
    %pushi/vec4 63, 0, 16;
    %ret/vec4 0, 0, 16;  Assign to sqrt (store_vec4_to_lval)
    %jmp T_1.21;
T_1.20 ;
    %load/vec4 v0x575de425a940_0;
    %pad/u 32;
    %cmpi/u 3843, 0, 32;
    %flag_or 5, 4; GT is !LE
    %flag_inv 5;
    %jmp/0xz  T_1.22, 5;
    %pushi/vec4 62, 0, 16;
    %ret/vec4 0, 0, 16;  Assign to sqrt (store_vec4_to_lval)
    %jmp T_1.23;
T_1.22 ;
    %load/vec4 v0x575de425a940_0;
    %pad/u 32;
    %cmpi/u 3720, 0, 32;
    %flag_or 5, 4; GT is !LE
    %flag_inv 5;
    %jmp/0xz  T_1.24, 5;
    %pushi/vec4 61, 0, 16;
    %ret/vec4 0, 0, 16;  Assign to sqrt (store_vec4_to_lval)
    %jmp T_1.25;
T_1.24 ;
    %load/vec4 v0x575de425a940_0;
    %pad/u 32;
    %cmpi/u 3599, 0, 32;
    %flag_or 5, 4; GT is !LE
    %flag_inv 5;
    %jmp/0xz  T_1.26, 5;
    %pushi/vec4 60, 0, 16;
    %ret/vec4 0, 0, 16;  Assign to sqrt (store_vec4_to_lval)
    %jmp T_1.27;
T_1.26 ;
    %load/vec4 v0x575de425a940_0;
    %pad/u 32;
    %cmpi/u 3480, 0, 32;
    %flag_or 5, 4; GT is !LE
    %flag_inv 5;
    %jmp/0xz  T_1.28, 5;
    %pushi/vec4 59, 0, 16;
    %ret/vec4 0, 0, 16;  Assign to sqrt (store_vec4_to_lval)
    %jmp T_1.29;
T_1.28 ;
    %load/vec4 v0x575de425a940_0;
    %pad/u 32;
    %cmpi/u 3363, 0, 32;
    %flag_or 5, 4; GT is !LE
    %flag_inv 5;
    %jmp/0xz  T_1.30, 5;
    %pushi/vec4 58, 0, 16;
    %ret/vec4 0, 0, 16;  Assign to sqrt (store_vec4_to_lval)
    %jmp T_1.31;
T_1.30 ;
    %load/vec4 v0x575de425a940_0;
    %pad/u 32;
    %cmpi/u 3248, 0, 32;
    %flag_or 5, 4; GT is !LE
    %flag_inv 5;
    %jmp/0xz  T_1.32, 5;
    %pushi/vec4 57, 0, 16;
    %ret/vec4 0, 0, 16;  Assign to sqrt (store_vec4_to_lval)
    %jmp T_1.33;
T_1.32 ;
    %load/vec4 v0x575de425a940_0;
    %pad/u 32;
    %cmpi/u 3135, 0, 32;
    %flag_or 5, 4; GT is !LE
    %flag_inv 5;
    %jmp/0xz  T_1.34, 5;
    %pushi/vec4 56, 0, 16;
    %ret/vec4 0, 0, 16;  Assign to sqrt (store_vec4_to_lval)
    %jmp T_1.35;
T_1.34 ;
    %load/vec4 v0x575de425a940_0;
    %pad/u 32;
    %cmpi/u 3024, 0, 32;
    %flag_or 5, 4; GT is !LE
    %flag_inv 5;
    %jmp/0xz  T_1.36, 5;
    %pushi/vec4 55, 0, 16;
    %ret/vec4 0, 0, 16;  Assign to sqrt (store_vec4_to_lval)
    %jmp T_1.37;
T_1.36 ;
    %load/vec4 v0x575de425a940_0;
    %pad/u 32;
    %cmpi/u 2915, 0, 32;
    %flag_or 5, 4; GT is !LE
    %flag_inv 5;
    %jmp/0xz  T_1.38, 5;
    %pushi/vec4 54, 0, 16;
    %ret/vec4 0, 0, 16;  Assign to sqrt (store_vec4_to_lval)
    %jmp T_1.39;
T_1.38 ;
    %load/vec4 v0x575de425a940_0;
    %pad/u 32;
    %cmpi/u 2808, 0, 32;
    %flag_or 5, 4; GT is !LE
    %flag_inv 5;
    %jmp/0xz  T_1.40, 5;
    %pushi/vec4 53, 0, 16;
    %ret/vec4 0, 0, 16;  Assign to sqrt (store_vec4_to_lval)
    %jmp T_1.41;
T_1.40 ;
    %load/vec4 v0x575de425a940_0;
    %pad/u 32;
    %cmpi/u 2703, 0, 32;
    %flag_or 5, 4; GT is !LE
    %flag_inv 5;
    %jmp/0xz  T_1.42, 5;
    %pushi/vec4 52, 0, 16;
    %ret/vec4 0, 0, 16;  Assign to sqrt (store_vec4_to_lval)
    %jmp T_1.43;
T_1.42 ;
    %load/vec4 v0x575de425a940_0;
    %pad/u 32;
    %cmpi/u 2600, 0, 32;
    %flag_or 5, 4; GT is !LE
    %flag_inv 5;
    %jmp/0xz  T_1.44, 5;
    %pushi/vec4 51, 0, 16;
    %ret/vec4 0, 0, 16;  Assign to sqrt (store_vec4_to_lval)
    %jmp T_1.45;
T_1.44 ;
    %load/vec4 v0x575de425a940_0;
    %pad/u 32;
    %cmpi/u 2499, 0, 32;
    %flag_or 5, 4; GT is !LE
    %flag_inv 5;
    %jmp/0xz  T_1.46, 5;
    %pushi/vec4 50, 0, 16;
    %ret/vec4 0, 0, 16;  Assign to sqrt (store_vec4_to_lval)
    %jmp T_1.47;
T_1.46 ;
    %load/vec4 v0x575de425a940_0;
    %pad/u 32;
    %cmpi/u 2400, 0, 32;
    %flag_or 5, 4; GT is !LE
    %flag_inv 5;
    %jmp/0xz  T_1.48, 5;
    %pushi/vec4 49, 0, 16;
    %ret/vec4 0, 0, 16;  Assign to sqrt (store_vec4_to_lval)
    %jmp T_1.49;
T_1.48 ;
    %load/vec4 v0x575de425a940_0;
    %pad/u 32;
    %cmpi/u 2303, 0, 32;
    %flag_or 5, 4; GT is !LE
    %flag_inv 5;
    %jmp/0xz  T_1.50, 5;
    %pushi/vec4 48, 0, 16;
    %ret/vec4 0, 0, 16;  Assign to sqrt (store_vec4_to_lval)
    %jmp T_1.51;
T_1.50 ;
    %load/vec4 v0x575de425a940_0;
    %pad/u 32;
    %cmpi/u 2208, 0, 32;
    %flag_or 5, 4; GT is !LE
    %flag_inv 5;
    %jmp/0xz  T_1.52, 5;
    %pushi/vec4 47, 0, 16;
    %ret/vec4 0, 0, 16;  Assign to sqrt (store_vec4_to_lval)
    %jmp T_1.53;
T_1.52 ;
    %load/vec4 v0x575de425a940_0;
    %pad/u 32;
    %cmpi/u 2115, 0, 32;
    %flag_or 5, 4; GT is !LE
    %flag_inv 5;
    %jmp/0xz  T_1.54, 5;
    %pushi/vec4 46, 0, 16;
    %ret/vec4 0, 0, 16;  Assign to sqrt (store_vec4_to_lval)
    %jmp T_1.55;
T_1.54 ;
    %load/vec4 v0x575de425a940_0;
    %pad/u 32;
    %cmpi/u 2024, 0, 32;
    %flag_or 5, 4; GT is !LE
    %flag_inv 5;
    %jmp/0xz  T_1.56, 5;
    %pushi/vec4 45, 0, 16;
    %ret/vec4 0, 0, 16;  Assign to sqrt (store_vec4_to_lval)
    %jmp T_1.57;
T_1.56 ;
    %load/vec4 v0x575de425a940_0;
    %pad/u 32;
    %cmpi/u 1935, 0, 32;
    %flag_or 5, 4; GT is !LE
    %flag_inv 5;
    %jmp/0xz  T_1.58, 5;
    %pushi/vec4 44, 0, 16;
    %ret/vec4 0, 0, 16;  Assign to sqrt (store_vec4_to_lval)
    %jmp T_1.59;
T_1.58 ;
    %load/vec4 v0x575de425a940_0;
    %pad/u 32;
    %cmpi/u 1848, 0, 32;
    %flag_or 5, 4; GT is !LE
    %flag_inv 5;
    %jmp/0xz  T_1.60, 5;
    %pushi/vec4 43, 0, 16;
    %ret/vec4 0, 0, 16;  Assign to sqrt (store_vec4_to_lval)
    %jmp T_1.61;
T_1.60 ;
    %load/vec4 v0x575de425a940_0;
    %pad/u 32;
    %cmpi/u 1763, 0, 32;
    %flag_or 5, 4; GT is !LE
    %flag_inv 5;
    %jmp/0xz  T_1.62, 5;
    %pushi/vec4 42, 0, 16;
    %ret/vec4 0, 0, 16;  Assign to sqrt (store_vec4_to_lval)
    %jmp T_1.63;
T_1.62 ;
    %load/vec4 v0x575de425a940_0;
    %pad/u 32;
    %cmpi/u 1680, 0, 32;
    %flag_or 5, 4; GT is !LE
    %flag_inv 5;
    %jmp/0xz  T_1.64, 5;
    %pushi/vec4 41, 0, 16;
    %ret/vec4 0, 0, 16;  Assign to sqrt (store_vec4_to_lval)
    %jmp T_1.65;
T_1.64 ;
    %load/vec4 v0x575de425a940_0;
    %pad/u 32;
    %cmpi/u 1599, 0, 32;
    %flag_or 5, 4; GT is !LE
    %flag_inv 5;
    %jmp/0xz  T_1.66, 5;
    %pushi/vec4 40, 0, 16;
    %ret/vec4 0, 0, 16;  Assign to sqrt (store_vec4_to_lval)
    %jmp T_1.67;
T_1.66 ;
    %load/vec4 v0x575de425a940_0;
    %pad/u 32;
    %cmpi/u 1520, 0, 32;
    %flag_or 5, 4; GT is !LE
    %flag_inv 5;
    %jmp/0xz  T_1.68, 5;
    %pushi/vec4 39, 0, 16;
    %ret/vec4 0, 0, 16;  Assign to sqrt (store_vec4_to_lval)
    %jmp T_1.69;
T_1.68 ;
    %load/vec4 v0x575de425a940_0;
    %pad/u 32;
    %cmpi/u 1443, 0, 32;
    %flag_or 5, 4; GT is !LE
    %flag_inv 5;
    %jmp/0xz  T_1.70, 5;
    %pushi/vec4 38, 0, 16;
    %ret/vec4 0, 0, 16;  Assign to sqrt (store_vec4_to_lval)
    %jmp T_1.71;
T_1.70 ;
    %load/vec4 v0x575de425a940_0;
    %pad/u 32;
    %cmpi/u 1368, 0, 32;
    %flag_or 5, 4; GT is !LE
    %flag_inv 5;
    %jmp/0xz  T_1.72, 5;
    %pushi/vec4 37, 0, 16;
    %ret/vec4 0, 0, 16;  Assign to sqrt (store_vec4_to_lval)
    %jmp T_1.73;
T_1.72 ;
    %load/vec4 v0x575de425a940_0;
    %pad/u 32;
    %cmpi/u 1295, 0, 32;
    %flag_or 5, 4; GT is !LE
    %flag_inv 5;
    %jmp/0xz  T_1.74, 5;
    %pushi/vec4 36, 0, 16;
    %ret/vec4 0, 0, 16;  Assign to sqrt (store_vec4_to_lval)
    %jmp T_1.75;
T_1.74 ;
    %load/vec4 v0x575de425a940_0;
    %pad/u 32;
    %cmpi/u 1224, 0, 32;
    %flag_or 5, 4; GT is !LE
    %flag_inv 5;
    %jmp/0xz  T_1.76, 5;
    %pushi/vec4 35, 0, 16;
    %ret/vec4 0, 0, 16;  Assign to sqrt (store_vec4_to_lval)
    %jmp T_1.77;
T_1.76 ;
    %load/vec4 v0x575de425a940_0;
    %pad/u 32;
    %cmpi/u 1155, 0, 32;
    %flag_or 5, 4; GT is !LE
    %flag_inv 5;
    %jmp/0xz  T_1.78, 5;
    %pushi/vec4 34, 0, 16;
    %ret/vec4 0, 0, 16;  Assign to sqrt (store_vec4_to_lval)
    %jmp T_1.79;
T_1.78 ;
    %load/vec4 v0x575de425a940_0;
    %pad/u 32;
    %cmpi/u 1088, 0, 32;
    %flag_or 5, 4; GT is !LE
    %flag_inv 5;
    %jmp/0xz  T_1.80, 5;
    %pushi/vec4 33, 0, 16;
    %ret/vec4 0, 0, 16;  Assign to sqrt (store_vec4_to_lval)
    %jmp T_1.81;
T_1.80 ;
    %load/vec4 v0x575de425a940_0;
    %pad/u 32;
    %cmpi/u 1023, 0, 32;
    %flag_or 5, 4; GT is !LE
    %flag_inv 5;
    %jmp/0xz  T_1.82, 5;
    %pushi/vec4 32, 0, 16;
    %ret/vec4 0, 0, 16;  Assign to sqrt (store_vec4_to_lval)
    %jmp T_1.83;
T_1.82 ;
    %load/vec4 v0x575de425a940_0;
    %pad/u 32;
    %cmpi/u 960, 0, 32;
    %flag_or 5, 4; GT is !LE
    %flag_inv 5;
    %jmp/0xz  T_1.84, 5;
    %pushi/vec4 31, 0, 16;
    %ret/vec4 0, 0, 16;  Assign to sqrt (store_vec4_to_lval)
    %jmp T_1.85;
T_1.84 ;
    %load/vec4 v0x575de425a940_0;
    %pad/u 32;
    %cmpi/u 899, 0, 32;
    %flag_or 5, 4; GT is !LE
    %flag_inv 5;
    %jmp/0xz  T_1.86, 5;
    %pushi/vec4 30, 0, 16;
    %ret/vec4 0, 0, 16;  Assign to sqrt (store_vec4_to_lval)
    %jmp T_1.87;
T_1.86 ;
    %load/vec4 v0x575de425a940_0;
    %pad/u 32;
    %cmpi/u 840, 0, 32;
    %flag_or 5, 4; GT is !LE
    %flag_inv 5;
    %jmp/0xz  T_1.88, 5;
    %pushi/vec4 29, 0, 16;
    %ret/vec4 0, 0, 16;  Assign to sqrt (store_vec4_to_lval)
    %jmp T_1.89;
T_1.88 ;
    %load/vec4 v0x575de425a940_0;
    %pad/u 32;
    %cmpi/u 783, 0, 32;
    %flag_or 5, 4; GT is !LE
    %flag_inv 5;
    %jmp/0xz  T_1.90, 5;
    %pushi/vec4 28, 0, 16;
    %ret/vec4 0, 0, 16;  Assign to sqrt (store_vec4_to_lval)
    %jmp T_1.91;
T_1.90 ;
    %load/vec4 v0x575de425a940_0;
    %pad/u 32;
    %cmpi/u 728, 0, 32;
    %flag_or 5, 4; GT is !LE
    %flag_inv 5;
    %jmp/0xz  T_1.92, 5;
    %pushi/vec4 27, 0, 16;
    %ret/vec4 0, 0, 16;  Assign to sqrt (store_vec4_to_lval)
    %jmp T_1.93;
T_1.92 ;
    %load/vec4 v0x575de425a940_0;
    %pad/u 32;
    %cmpi/u 675, 0, 32;
    %flag_or 5, 4; GT is !LE
    %flag_inv 5;
    %jmp/0xz  T_1.94, 5;
    %pushi/vec4 26, 0, 16;
    %ret/vec4 0, 0, 16;  Assign to sqrt (store_vec4_to_lval)
    %jmp T_1.95;
T_1.94 ;
    %load/vec4 v0x575de425a940_0;
    %pad/u 32;
    %cmpi/u 624, 0, 32;
    %flag_or 5, 4; GT is !LE
    %flag_inv 5;
    %jmp/0xz  T_1.96, 5;
    %pushi/vec4 25, 0, 16;
    %ret/vec4 0, 0, 16;  Assign to sqrt (store_vec4_to_lval)
    %jmp T_1.97;
T_1.96 ;
    %load/vec4 v0x575de425a940_0;
    %pad/u 32;
    %cmpi/u 575, 0, 32;
    %flag_or 5, 4; GT is !LE
    %flag_inv 5;
    %jmp/0xz  T_1.98, 5;
    %pushi/vec4 24, 0, 16;
    %ret/vec4 0, 0, 16;  Assign to sqrt (store_vec4_to_lval)
    %jmp T_1.99;
T_1.98 ;
    %load/vec4 v0x575de425a940_0;
    %pad/u 32;
    %cmpi/u 528, 0, 32;
    %flag_or 5, 4; GT is !LE
    %flag_inv 5;
    %jmp/0xz  T_1.100, 5;
    %pushi/vec4 23, 0, 16;
    %ret/vec4 0, 0, 16;  Assign to sqrt (store_vec4_to_lval)
    %jmp T_1.101;
T_1.100 ;
    %load/vec4 v0x575de425a940_0;
    %pad/u 32;
    %cmpi/u 483, 0, 32;
    %flag_or 5, 4; GT is !LE
    %flag_inv 5;
    %jmp/0xz  T_1.102, 5;
    %pushi/vec4 22, 0, 16;
    %ret/vec4 0, 0, 16;  Assign to sqrt (store_vec4_to_lval)
    %jmp T_1.103;
T_1.102 ;
    %load/vec4 v0x575de425a940_0;
    %pad/u 32;
    %cmpi/u 440, 0, 32;
    %flag_or 5, 4; GT is !LE
    %flag_inv 5;
    %jmp/0xz  T_1.104, 5;
    %pushi/vec4 21, 0, 16;
    %ret/vec4 0, 0, 16;  Assign to sqrt (store_vec4_to_lval)
    %jmp T_1.105;
T_1.104 ;
    %load/vec4 v0x575de425a940_0;
    %pad/u 32;
    %cmpi/u 399, 0, 32;
    %flag_or 5, 4; GT is !LE
    %flag_inv 5;
    %jmp/0xz  T_1.106, 5;
    %pushi/vec4 20, 0, 16;
    %ret/vec4 0, 0, 16;  Assign to sqrt (store_vec4_to_lval)
    %jmp T_1.107;
T_1.106 ;
    %load/vec4 v0x575de425a940_0;
    %pad/u 32;
    %cmpi/u 360, 0, 32;
    %flag_or 5, 4; GT is !LE
    %flag_inv 5;
    %jmp/0xz  T_1.108, 5;
    %pushi/vec4 19, 0, 16;
    %ret/vec4 0, 0, 16;  Assign to sqrt (store_vec4_to_lval)
    %jmp T_1.109;
T_1.108 ;
    %load/vec4 v0x575de425a940_0;
    %pad/u 32;
    %cmpi/u 323, 0, 32;
    %flag_or 5, 4; GT is !LE
    %flag_inv 5;
    %jmp/0xz  T_1.110, 5;
    %pushi/vec4 18, 0, 16;
    %ret/vec4 0, 0, 16;  Assign to sqrt (store_vec4_to_lval)
    %jmp T_1.111;
T_1.110 ;
    %load/vec4 v0x575de425a940_0;
    %pad/u 32;
    %cmpi/u 288, 0, 32;
    %flag_or 5, 4; GT is !LE
    %flag_inv 5;
    %jmp/0xz  T_1.112, 5;
    %pushi/vec4 17, 0, 16;
    %ret/vec4 0, 0, 16;  Assign to sqrt (store_vec4_to_lval)
    %jmp T_1.113;
T_1.112 ;
    %load/vec4 v0x575de425a940_0;
    %pad/u 32;
    %cmpi/u 255, 0, 32;
    %flag_or 5, 4; GT is !LE
    %flag_inv 5;
    %jmp/0xz  T_1.114, 5;
    %pushi/vec4 16, 0, 16;
    %ret/vec4 0, 0, 16;  Assign to sqrt (store_vec4_to_lval)
    %jmp T_1.115;
T_1.114 ;
    %load/vec4 v0x575de425a940_0;
    %pad/u 32;
    %cmpi/u 224, 0, 32;
    %flag_or 5, 4; GT is !LE
    %flag_inv 5;
    %jmp/0xz  T_1.116, 5;
    %pushi/vec4 15, 0, 16;
    %ret/vec4 0, 0, 16;  Assign to sqrt (store_vec4_to_lval)
    %jmp T_1.117;
T_1.116 ;
    %load/vec4 v0x575de425a940_0;
    %pad/u 32;
    %cmpi/u 195, 0, 32;
    %flag_or 5, 4; GT is !LE
    %flag_inv 5;
    %jmp/0xz  T_1.118, 5;
    %pushi/vec4 14, 0, 16;
    %ret/vec4 0, 0, 16;  Assign to sqrt (store_vec4_to_lval)
    %jmp T_1.119;
T_1.118 ;
    %load/vec4 v0x575de425a940_0;
    %pad/u 32;
    %cmpi/u 168, 0, 32;
    %flag_or 5, 4; GT is !LE
    %flag_inv 5;
    %jmp/0xz  T_1.120, 5;
    %pushi/vec4 13, 0, 16;
    %ret/vec4 0, 0, 16;  Assign to sqrt (store_vec4_to_lval)
    %jmp T_1.121;
T_1.120 ;
    %load/vec4 v0x575de425a940_0;
    %pad/u 32;
    %cmpi/u 143, 0, 32;
    %flag_or 5, 4; GT is !LE
    %flag_inv 5;
    %jmp/0xz  T_1.122, 5;
    %pushi/vec4 12, 0, 16;
    %ret/vec4 0, 0, 16;  Assign to sqrt (store_vec4_to_lval)
    %jmp T_1.123;
T_1.122 ;
    %load/vec4 v0x575de425a940_0;
    %pad/u 32;
    %cmpi/u 120, 0, 32;
    %flag_or 5, 4; GT is !LE
    %flag_inv 5;
    %jmp/0xz  T_1.124, 5;
    %pushi/vec4 11, 0, 16;
    %ret/vec4 0, 0, 16;  Assign to sqrt (store_vec4_to_lval)
    %jmp T_1.125;
T_1.124 ;
    %load/vec4 v0x575de425a940_0;
    %pad/u 32;
    %cmpi/u 99, 0, 32;
    %flag_or 5, 4; GT is !LE
    %flag_inv 5;
    %jmp/0xz  T_1.126, 5;
    %pushi/vec4 10, 0, 16;
    %ret/vec4 0, 0, 16;  Assign to sqrt (store_vec4_to_lval)
    %jmp T_1.127;
T_1.126 ;
    %load/vec4 v0x575de425a940_0;
    %pad/u 32;
    %cmpi/u 80, 0, 32;
    %flag_or 5, 4; GT is !LE
    %flag_inv 5;
    %jmp/0xz  T_1.128, 5;
    %pushi/vec4 9, 0, 16;
    %ret/vec4 0, 0, 16;  Assign to sqrt (store_vec4_to_lval)
    %jmp T_1.129;
T_1.128 ;
    %load/vec4 v0x575de425a940_0;
    %pad/u 32;
    %cmpi/u 63, 0, 32;
    %flag_or 5, 4; GT is !LE
    %flag_inv 5;
    %jmp/0xz  T_1.130, 5;
    %pushi/vec4 8, 0, 16;
    %ret/vec4 0, 0, 16;  Assign to sqrt (store_vec4_to_lval)
    %jmp T_1.131;
T_1.130 ;
    %load/vec4 v0x575de425a940_0;
    %pad/u 32;
    %cmpi/u 48, 0, 32;
    %flag_or 5, 4; GT is !LE
    %flag_inv 5;
    %jmp/0xz  T_1.132, 5;
    %pushi/vec4 7, 0, 16;
    %ret/vec4 0, 0, 16;  Assign to sqrt (store_vec4_to_lval)
    %jmp T_1.133;
T_1.132 ;
    %load/vec4 v0x575de425a940_0;
    %pad/u 32;
    %cmpi/u 35, 0, 32;
    %flag_or 5, 4; GT is !LE
    %flag_inv 5;
    %jmp/0xz  T_1.134, 5;
    %pushi/vec4 6, 0, 16;
    %ret/vec4 0, 0, 16;  Assign to sqrt (store_vec4_to_lval)
    %jmp T_1.135;
T_1.134 ;
    %load/vec4 v0x575de425a940_0;
    %pad/u 32;
    %cmpi/u 24, 0, 32;
    %flag_or 5, 4; GT is !LE
    %flag_inv 5;
    %jmp/0xz  T_1.136, 5;
    %pushi/vec4 5, 0, 16;
    %ret/vec4 0, 0, 16;  Assign to sqrt (store_vec4_to_lval)
    %jmp T_1.137;
T_1.136 ;
    %load/vec4 v0x575de425a940_0;
    %pad/u 32;
    %cmpi/u 15, 0, 32;
    %flag_or 5, 4; GT is !LE
    %flag_inv 5;
    %jmp/0xz  T_1.138, 5;
    %pushi/vec4 4, 0, 16;
    %ret/vec4 0, 0, 16;  Assign to sqrt (store_vec4_to_lval)
    %jmp T_1.139;
T_1.138 ;
    %load/vec4 v0x575de425a940_0;
    %pad/u 32;
    %cmpi/u 8, 0, 32;
    %flag_or 5, 4; GT is !LE
    %flag_inv 5;
    %jmp/0xz  T_1.140, 5;
    %pushi/vec4 3, 0, 16;
    %ret/vec4 0, 0, 16;  Assign to sqrt (store_vec4_to_lval)
    %jmp T_1.141;
T_1.140 ;
    %load/vec4 v0x575de425a940_0;
    %pad/u 32;
    %cmpi/u 3, 0, 32;
    %flag_or 5, 4; GT is !LE
    %flag_inv 5;
    %jmp/0xz  T_1.142, 5;
    %pushi/vec4 2, 0, 16;
    %ret/vec4 0, 0, 16;  Assign to sqrt (store_vec4_to_lval)
    %jmp T_1.143;
T_1.142 ;
    %load/vec4 v0x575de425a940_0;
    %pad/u 32;
    %cmpi/u 0, 0, 32;
    %flag_or 5, 4; GT is !LE
    %flag_inv 5;
    %jmp/0xz  T_1.144, 5;
    %pushi/vec4 1, 0, 16;
    %ret/vec4 0, 0, 16;  Assign to sqrt (store_vec4_to_lval)
    %jmp T_1.145;
T_1.144 ;
    %pushi/vec4 0, 0, 16;
    %ret/vec4 0, 0, 16;  Assign to sqrt (store_vec4_to_lval)
T_1.145 ;
T_1.143 ;
T_1.141 ;
T_1.139 ;
T_1.137 ;
T_1.135 ;
T_1.133 ;
T_1.131 ;
T_1.129 ;
T_1.127 ;
T_1.125 ;
T_1.123 ;
T_1.121 ;
T_1.119 ;
T_1.117 ;
T_1.115 ;
T_1.113 ;
T_1.111 ;
T_1.109 ;
T_1.107 ;
T_1.105 ;
T_1.103 ;
T_1.101 ;
T_1.99 ;
T_1.97 ;
T_1.95 ;
T_1.93 ;
T_1.91 ;
T_1.89 ;
T_1.87 ;
T_1.85 ;
T_1.83 ;
T_1.81 ;
T_1.79 ;
T_1.77 ;
T_1.75 ;
T_1.73 ;
T_1.71 ;
T_1.69 ;
T_1.67 ;
T_1.65 ;
T_1.63 ;
T_1.61 ;
T_1.59 ;
T_1.57 ;
T_1.55 ;
T_1.53 ;
T_1.51 ;
T_1.49 ;
T_1.47 ;
T_1.45 ;
T_1.43 ;
T_1.41 ;
T_1.39 ;
T_1.37 ;
T_1.35 ;
T_1.33 ;
T_1.31 ;
T_1.29 ;
T_1.27 ;
T_1.25 ;
T_1.23 ;
T_1.21 ;
T_1.19 ;
    %end;
S_0x575de425d9e0 .scope autofunction.vec4.s16, "quantized_cosim" "quantized_cosim" 3 108, 3 108 0, S_0x575de422b640;
 .timescale -9 -12;
v0x575de425db70_0 .var/2s "denominator", 31 0;
v0x575de425dc50_0 .var/2s "numerator", 31 0;
; Variable quantized_cosim is vec4 return value of scope S_0x575de425d9e0
TD_tb_control_store_random.quantized_cosim ;
    %load/vec4 v0x575de425db70_0;
    %cmpi/e 0, 0, 32;
    %jmp/0xz  T_2.146, 4;
    %pushi/vec4 1, 0, 16;
    %ret/vec4 0, 0, 16;  Assign to quantized_cosim (store_vec4_to_lval)
    %disable/flow S_0x575de425d9e0;
T_2.146 ;
    %load/vec4 v0x575de425dc50_0;
    %cvt/rv/s;
    %pushi/real 2097152000, 4075; load=1000.00
    %mul/wr;
    %load/vec4 v0x575de425db70_0;
    %cvt/rv/s;
    %div/wr;
    %pushi/real 1073741824, 4065; load=0.500000
    %add/wr;
    %vpi_func 3 119 "$rtoi" 32, W<0,r> {0 1 0};
    %cast2;
    %store/vec4 v0x575de425fa10_0, 0, 32;
    %load/vec4 v0x575de425fa10_0;
    %cmpi/s 1000, 0, 32;
    %flag_inv 5; GE is !LT
    %jmp/0xz  T_2.148, 5;
    %pushi/vec4 8, 0, 16;
    %ret/vec4 0, 0, 16;  Assign to quantized_cosim (store_vec4_to_lval)
    %disable/flow S_0x575de425d9e0;
    %jmp T_2.149;
T_2.148 ;
    %load/vec4 v0x575de425fa10_0;
    %cmpi/s 875, 0, 32;
    %flag_inv 5; GE is !LT
    %jmp/0xz  T_2.150, 5;
    %pushi/vec4 7, 0, 16;
    %ret/vec4 0, 0, 16;  Assign to quantized_cosim (store_vec4_to_lval)
    %disable/flow S_0x575de425d9e0;
    %jmp T_2.151;
T_2.150 ;
    %load/vec4 v0x575de425fa10_0;
    %cmpi/s 750, 0, 32;
    %flag_inv 5; GE is !LT
    %jmp/0xz  T_2.152, 5;
    %pushi/vec4 6, 0, 16;
    %ret/vec4 0, 0, 16;  Assign to quantized_cosim (store_vec4_to_lval)
    %disable/flow S_0x575de425d9e0;
    %jmp T_2.153;
T_2.152 ;
    %load/vec4 v0x575de425fa10_0;
    %cmpi/s 625, 0, 32;
    %flag_inv 5; GE is !LT
    %jmp/0xz  T_2.154, 5;
    %pushi/vec4 5, 0, 16;
    %ret/vec4 0, 0, 16;  Assign to quantized_cosim (store_vec4_to_lval)
    %disable/flow S_0x575de425d9e0;
    %jmp T_2.155;
T_2.154 ;
    %load/vec4 v0x575de425fa10_0;
    %cmpi/s 500, 0, 32;
    %flag_inv 5; GE is !LT
    %jmp/0xz  T_2.156, 5;
    %pushi/vec4 4, 0, 16;
    %ret/vec4 0, 0, 16;  Assign to quantized_cosim (store_vec4_to_lval)
    %disable/flow S_0x575de425d9e0;
    %jmp T_2.157;
T_2.156 ;
    %load/vec4 v0x575de425fa10_0;
    %cmpi/s 375, 0, 32;
    %flag_inv 5; GE is !LT
    %jmp/0xz  T_2.158, 5;
    %pushi/vec4 3, 0, 16;
    %ret/vec4 0, 0, 16;  Assign to quantized_cosim (store_vec4_to_lval)
    %disable/flow S_0x575de425d9e0;
    %jmp T_2.159;
T_2.158 ;
    %load/vec4 v0x575de425fa10_0;
    %cmpi/s 250, 0, 32;
    %flag_inv 5; GE is !LT
    %jmp/0xz  T_2.160, 5;
    %pushi/vec4 2, 0, 16;
    %ret/vec4 0, 0, 16;  Assign to quantized_cosim (store_vec4_to_lval)
    %disable/flow S_0x575de425d9e0;
    %jmp T_2.161;
T_2.160 ;
    %pushi/vec4 1, 0, 16;
    %ret/vec4 0, 0, 16;  Assign to quantized_cosim (store_vec4_to_lval)
    %disable/flow S_0x575de425d9e0;
T_2.161 ;
T_2.159 ;
T_2.157 ;
T_2.155 ;
T_2.153 ;
T_2.151 ;
T_2.149 ;
    %end;
S_0x575de425ddf0 .scope autofunction.vec4.s32, "random_vec" "random_vec" 3 33, 3 33 0, S_0x575de422b640;
 .timescale -9 -12;
v0x575de425dfd0_0 .var "c0", 7 0;
v0x575de425e0d0_0 .var "c1", 7 0;
v0x575de425e1b0_0 .var "c2", 7 0;
v0x575de425e270_0 .var "c3", 7 0;
; Variable random_vec is vec4 return value of scope S_0x575de425ddf0
TD_tb_control_store_random.random_vec ;
    %vpi_func 3 36 "$urandom_range" 32, 32'sb00000000000000000000000000000001, 32'sb00000000000000000000000000011111 {0 0 0};
    %pad/u 8;
    %store/vec4 v0x575de425dfd0_0, 0, 8;
    %vpi_func 3 37 "$urandom_range" 32, 32'sb00000000000000000000000000000001, 32'sb00000000000000000000000000011111 {0 0 0};
    %pad/u 8;
    %store/vec4 v0x575de425e0d0_0, 0, 8;
    %vpi_func 3 38 "$urandom_range" 32, 32'sb00000000000000000000000000000001, 32'sb00000000000000000000000000011111 {0 0 0};
    %pad/u 8;
    %store/vec4 v0x575de425e1b0_0, 0, 8;
    %vpi_func 3 39 "$urandom_range" 32, 32'sb00000000000000000000000000000001, 32'sb00000000000000000000000000011111 {0 0 0};
    %pad/u 8;
    %store/vec4 v0x575de425e270_0, 0, 8;
    %load/vec4 v0x575de425e270_0;
    %load/vec4 v0x575de425e1b0_0;
    %concat/vec4; draw_concat_vec4
    %load/vec4 v0x575de425e0d0_0;
    %concat/vec4; draw_concat_vec4
    %load/vec4 v0x575de425dfd0_0;
    %concat/vec4; draw_concat_vec4
    %ret/vec4 0, 0, 32;  Assign to random_vec (store_vec4_to_lval)
    %end;
S_0x575de425e480 .scope autofunction.vec4.s16, "ref_cosine" "ref_cosine" 3 133, 3 133 0, S_0x575de422b640;
 .timescale -9 -12;
v0x575de425e9b0_0 .var "A", 31 0;
v0x575de425eab0_0 .var "B", 31 0;
v0x575de425eb90_0 .var/2s "a", 31 0;
v0x575de425ec50_0 .var/2s "b", 31 0;
v0x575de425ed30_0 .var/2s "denom", 31 0;
v0x575de425ee60_0 .var/2s "dot", 31 0;
v0x575de425ef40_0 .var/2s "magA", 31 0;
v0x575de425f020_0 .var/2s "magB", 31 0;
; Variable ref_cosine is vec4 return value of scope S_0x575de425e480
TD_tb_control_store_random.ref_cosine ;
    %pushi/vec4 0, 0, 32;
    %store/vec4 v0x575de425ee60_0, 0, 32;
    %pushi/vec4 0, 0, 32;
    %store/vec4 v0x575de425ef40_0, 0, 32;
    %pushi/vec4 0, 0, 32;
    %store/vec4 v0x575de425f020_0, 0, 32;
    %pushi/vec4 0, 0, 32;
    %store/vec4 v0x575de425eb90_0, 0, 32;
    %pushi/vec4 0, 0, 32;
    %store/vec4 v0x575de425ec50_0, 0, 32;
    %pushi/vec4 0, 0, 32;
    %store/vec4 v0x575de425ed30_0, 0, 32;
    %fork t_1, S_0x575de425e6b0;
    %jmp t_0;
    .scope S_0x575de425e6b0;
t_1 ;
    %pushi/vec4 0, 0, 32;
    %store/vec4 v0x575de425e8b0_0, 0, 32;
T_4.162 ; Top of for-loop
    %load/vec4 v0x575de425e8b0_0;
    %cmpi/s 4, 0, 32;
	  %jmp/0xz T_4.163, 5;
    %load/vec4 v0x575de425e9b0_0;
    %load/vec4 v0x575de425e8b0_0;
    %muli 8, 0, 32;
    %ix/vec4 4;
    %shiftr 4;
    %pushi/vec4 255, 0, 32;
    %and;
    %cast2;
    %store/vec4 v0x575de425eb90_0, 0, 32;
    %load/vec4 v0x575de425eab0_0;
    %load/vec4 v0x575de425e8b0_0;
    %muli 8, 0, 32;
    %ix/vec4 4;
    %shiftr 4;
    %pushi/vec4 255, 0, 32;
    %and;
    %cast2;
    %store/vec4 v0x575de425ec50_0, 0, 32;
    ; show_stmt_assign_vector: Get l-value for compressed += operand
    %load/vec4 v0x575de425ee60_0;
    %load/vec4 v0x575de425eb90_0;
    %load/vec4 v0x575de425ec50_0;
    %mul;
    %add;
    %cast2;
    %store/vec4 v0x575de425ee60_0, 0, 32;
    ; show_stmt_assign_vector: Get l-value for compressed += operand
    %load/vec4 v0x575de425ef40_0;
    %load/vec4 v0x575de425eb90_0;
    %load/vec4 v0x575de425eb90_0;
    %mul;
    %add;
    %cast2;
    %store/vec4 v0x575de425ef40_0, 0, 32;
    ; show_stmt_assign_vector: Get l-value for compressed += operand
    %load/vec4 v0x575de425f020_0;
    %load/vec4 v0x575de425ec50_0;
    %load/vec4 v0x575de425ec50_0;
    %mul;
    %add;
    %cast2;
    %store/vec4 v0x575de425f020_0, 0, 32;
T_4.164 ; for-loop step statement
    ; show_stmt_assign_vector: Get l-value for compressed += operand
    %load/vec4 v0x575de425e8b0_0;
    %pushi/vec4 1, 0, 32;
    %add;
    %cast2;
    %store/vec4 v0x575de425e8b0_0, 0, 32;
    %jmp T_4.162;
T_4.163 ; for-loop exit label
    %end;
    .scope S_0x575de425e480;
t_0 %join;
    %vpi_func/r 3 156 "$sqrt", v0x575de425ef40_0 {0 0 0};
    %vpi_func/r 3 156 "$sqrt", v0x575de425f020_0 {0 0 0};
    %mul/wr;
    %vpi_func 3 156 "$rtoi" 32, W<0,r> {0 1 0};
    %cast2;
    %store/vec4 v0x575de425ed30_0, 0, 32;
    %alloc S_0x575de425d9e0;
    %load/vec4 v0x575de425ee60_0;
    %load/vec4 v0x575de425ed30_0;
    %store/vec4 v0x575de425db70_0, 0, 32;
    %store/vec4 v0x575de425dc50_0, 0, 32;
    %callf/vec4 TD_tb_control_store_random.quantized_cosim, S_0x575de425d9e0;
    %free S_0x575de425d9e0;
    %ret/vec4 0, 0, 16;  Assign to ref_cosine (store_vec4_to_lval)
    %disable/flow S_0x575de425e480;
    %end;
S_0x575de425e6b0 .scope autobegin, "$ivl_for_loop1" "$ivl_for_loop1" 3 147, 3 147 0, S_0x575de425e480;
 .timescale -9 -12;
v0x575de425e8b0_0 .var/2s "i", 31 0;
    .scope S_0x575de4259850;
T_5 ;
    %pushi/vec4 1048641, 0, 32;
    %ix/load 4, 0, 0;
    %flag_set/imm 4, 0;
    %store/vec4a v0x575de425d360, 4, 0;
    %pushi/vec4 1048706, 0, 32;
    %ix/load 4, 1, 0;
    %flag_set/imm 4, 0;
    %store/vec4a v0x575de425d360, 4, 0;
    %pushi/vec4 3, 0, 32;
    %ix/load 4, 2, 0;
    %flag_set/imm 4, 0;
    %store/vec4a v0x575de425d360, 4, 0;
    %pushi/vec4 260, 0, 32;
    %ix/load 4, 3, 0;
    %flag_set/imm 4, 0;
    %store/vec4a v0x575de425d360, 4, 0;
    %pushi/vec4 517, 0, 32;
    %ix/load 4, 4, 0;
    %flag_set/imm 4, 0;
    %store/vec4a v0x575de425d360, 4, 0;
    %pushi/vec4 774, 0, 32;
    %ix/load 4, 5, 0;
    %flag_set/imm 4, 0;
    %store/vec4a v0x575de425d360, 4, 0;
    %pushi/vec4 13697031, 0, 32;
    %ix/load 4, 6, 0;
    %flag_set/imm 4, 0;
    %store/vec4a v0x575de425d360, 4, 0;
    %pushi/vec4 4104, 0, 32;
    %ix/load 4, 7, 0;
    %flag_set/imm 4, 0;
    %store/vec4a v0x575de425d360, 4, 0;
    %pushi/vec4 4361, 0, 32;
    %ix/load 4, 8, 0;
    %flag_set/imm 4, 0;
    %store/vec4a v0x575de425d360, 4, 0;
    %pushi/vec4 4618, 0, 32;
    %ix/load 4, 9, 0;
    %flag_set/imm 4, 0;
    %store/vec4a v0x575de425d360, 4, 0;
    %pushi/vec4 4875, 0, 32;
    %ix/load 4, 10, 0;
    %flag_set/imm 4, 0;
    %store/vec4a v0x575de425d360, 4, 0;
    %pushi/vec4 9502732, 0, 32;
    %ix/load 4, 11, 0;
    %flag_set/imm 4, 0;
    %store/vec4a v0x575de425d360, 4, 0;
    %pushi/vec4 1037, 0, 32;
    %ix/load 4, 12, 0;
    %flag_set/imm 4, 0;
    %store/vec4a v0x575de425d360, 4, 0;
    %pushi/vec4 1294, 0, 32;
    %ix/load 4, 13, 0;
    %flag_set/imm 4, 0;
    %store/vec4a v0x575de425d360, 4, 0;
    %pushi/vec4 1551, 0, 32;
    %ix/load 4, 14, 0;
    %flag_set/imm 4, 0;
    %store/vec4a v0x575de425d360, 4, 0;
    %pushi/vec4 1808, 0, 32;
    %ix/load 4, 15, 0;
    %flag_set/imm 4, 0;
    %store/vec4a v0x575de425d360, 4, 0;
    %pushi/vec4 269746193, 0, 32;
    %ix/load 4, 16, 0;
    %flag_set/imm 4, 0;
    %store/vec4a v0x575de425d360, 4, 0;
    %pushi/vec4 2158100497, 0, 32;
    %ix/load 4, 17, 0;
    %flag_set/imm 4, 0;
    %store/vec4a v0x575de425d360, 4, 0;
    %pushi/vec4 2483585042, 0, 32;
    %ix/load 4, 18, 0;
    %flag_set/imm 4, 0;
    %store/vec4a v0x575de425d360, 4, 0;
    %pushi/vec4 957392916, 0, 32;
    %ix/load 4, 19, 0;
    %flag_set/imm 4, 0;
    %store/vec4a v0x575de425d360, 4, 0;
    %pushi/vec4 957392916, 0, 32;
    %ix/load 4, 20, 0;
    %flag_set/imm 4, 0;
    %store/vec4a v0x575de425d360, 4, 0;
    %pushi/vec4 1242327060, 0, 32;
    %ix/load 4, 21, 0;
    %flag_set/imm 4, 0;
    %store/vec4a v0x575de425d360, 4, 0;
    %pushi/vec4 1509976084, 0, 32;
    %ix/load 4, 22, 0;
    %flag_set/imm 4, 0;
    %store/vec4a v0x575de425d360, 4, 0;
    %pushi/vec4 1509976084, 0, 32;
    %ix/load 4, 23, 0;
    %flag_set/imm 4, 0;
    %store/vec4a v0x575de425d360, 4, 0;
    %pushi/vec4 1509976084, 0, 32;
    %ix/load 4, 24, 0;
    %flag_set/imm 4, 0;
    %store/vec4a v0x575de425d360, 4, 0;
    %end;
    .thread T_5;
    .scope S_0x575de4259850;
T_6 ;
    %wait E_0x575de41f18e0;
    %load/vec4 v0x575de425d2a0_0;
    %nor/r;
    %flag_set/vec4 8;
    %jmp/0xz  T_6.0, 8;
    %pushi/vec4 0, 0, 5;
    %assign/vec4 v0x575de425cb00_0, 0;
    %pushi/vec4 0, 0, 1;
    %assign/vec4 v0x575de425c020_0, 0;
    %pushi/vec4 0, 0, 1;
    %assign/vec4 v0x575de425c420_0, 0;
    %jmp T_6.1;
T_6.0 ;
    %load/vec4 v0x575de425cb00_0;
    %cmpi/u 24, 0, 5;
    %flag_get/vec4 5;
    %jmp/0 T_6.4, 5;
    %load/vec4 v0x575de425d760_0;
    %flag_set/vec4 9;
    %flag_get/vec4 9;
    %jmp/1 T_6.5, 9;
    %load/vec4 v0x575de425c020_0;
    %or;
T_6.5;
    %and;
T_6.4;
    %flag_set/vec4 8;
    %jmp/0xz  T_6.2, 8;
    %pushi/vec4 1, 0, 1;
    %assign/vec4 v0x575de425c020_0, 0;
    %load/vec4 v0x575de425cb00_0;
    %addi 1, 0, 5;
    %assign/vec4 v0x575de425cb00_0, 0;
    %jmp T_6.3;
T_6.2 ;
    %pushi/vec4 0, 0, 1;
    %assign/vec4 v0x575de425c020_0, 0;
    %load/vec4 v0x575de425cb00_0;
    %pad/u 32;
    %cmpi/u 24, 0, 32;
    %flag_inv 5; GE is !LT
    %jmp/0xz  T_6.6, 5;
    %pushi/vec4 1, 0, 1;
    %assign/vec4 v0x575de425c420_0, 0;
T_6.6 ;
T_6.3 ;
T_6.1 ;
    %jmp T_6;
    .thread T_6;
    .scope S_0x575de4259850;
T_7 ;
Ewait_0 .event/or E_0x575de41cd5c0, E_0x0;
    %wait Ewait_0;
    %load/vec4 v0x575de425d820_0;
    %pad/u 4;
    %ix/vec4 4;
    %load/vec4a v0x575de425ab20, 4;
    %store/vec4 v0x575de425b980_0, 0, 8;
    %load/vec4 v0x575de425d820_0;
    %pad/u 4;
    %ix/vec4 4;
    %load/vec4a v0x575de425ad20, 4;
    %store/vec4 v0x575de425be80_0, 0, 8;
    %load/vec4 v0x575de425c940_0;
    %dup/vec4;
    %pushi/vec4 0, 0, 2;
    %cmp/u;
    %jmp/1 T_7.0, 6;
    %dup/vec4;
    %pushi/vec4 1, 0, 2;
    %cmp/u;
    %jmp/1 T_7.1, 6;
    %dup/vec4;
    %pushi/vec4 2, 0, 2;
    %cmp/u;
    %jmp/1 T_7.2, 6;
    %dup/vec4;
    %pushi/vec4 3, 0, 2;
    %cmp/u;
    %jmp/1 T_7.3, 6;
    %load/vec4 v0x575de425b980_0;
    %store/vec4 v0x575de425c780_0, 0, 8;
    %jmp T_7.5;
T_7.0 ;
    %load/vec4 v0x575de425b980_0;
    %store/vec4 v0x575de425c780_0, 0, 8;
    %jmp T_7.5;
T_7.1 ;
    %load/vec4 v0x575de425be80_0;
    %store/vec4 v0x575de425c780_0, 0, 8;
    %jmp T_7.5;
T_7.2 ;
    %load/vec4 v0x575de425b050_0;
    %pad/u 8;
    %store/vec4 v0x575de425c780_0, 0, 8;
    %jmp T_7.5;
T_7.3 ;
    %jmp T_7.5;
T_7.5 ;
    %pop/vec4 1;
    %load/vec4 v0x575de425ca20_0;
    %dup/vec4;
    %pushi/vec4 0, 0, 2;
    %cmp/u;
    %jmp/1 T_7.6, 6;
    %dup/vec4;
    %pushi/vec4 1, 0, 2;
    %cmp/u;
    %jmp/1 T_7.7, 6;
    %dup/vec4;
    %pushi/vec4 2, 0, 2;
    %cmp/u;
    %jmp/1 T_7.8, 6;
    %dup/vec4;
    %pushi/vec4 3, 0, 2;
    %cmp/u;
    %jmp/1 T_7.9, 6;
    %load/vec4 v0x575de425b980_0;
    %store/vec4 v0x575de425c780_0, 0, 8;
    %jmp T_7.11;
T_7.6 ;
    %load/vec4 v0x575de425be80_0;
    %store/vec4 v0x575de425c860_0, 0, 8;
    %jmp T_7.11;
T_7.7 ;
    %load/vec4 v0x575de425b980_0;
    %store/vec4 v0x575de425c860_0, 0, 8;
    %jmp T_7.11;
T_7.8 ;
    %load/vec4 v0x575de425b440_0;
    %pad/u 8;
    %store/vec4 v0x575de425c860_0, 0, 8;
    %jmp T_7.11;
T_7.9 ;
    %jmp T_7.11;
T_7.11 ;
    %pop/vec4 1;
    %load/vec4 v0x575de425c780_0;
    %pad/u 16;
    %load/vec4 v0x575de425c860_0;
    %pad/u 16;
    %mul;
    %store/vec4 v0x575de425c5c0_0, 0, 16;
    %load/vec4 v0x575de425b440_0;
    %pad/u 32;
    %cmpi/ne 0, 0, 32;
    %jmp/0xz  T_7.12, 4;
    %alloc S_0x575de4259c00;
    %load/vec4 v0x575de425b050_0;
    %load/vec4 v0x575de425b440_0;
    %load/vec4 v0x575de425cb00_0;
    %store/vec4 v0x575de425a5d0_0, 0, 5;
    %store/vec4 v0x575de425a4f0_0, 0, 16;
    %store/vec4 v0x575de425a330_0, 0, 16;
    %callf/vec4 TD_tb_control_store_random.dut.divider, S_0x575de4259c00;
    %free S_0x575de4259c00;
    %pad/u 16;
    %store/vec4 v0x575de425c280_0, 0, 16;
    %jmp T_7.13;
T_7.12 ;
    %pushi/vec4 32767, 0, 16;
    %store/vec4 v0x575de425c280_0, 0, 16;
T_7.13 ;
    %load/vec4 v0x575de425d5e0_0;
    %dup/vec4;
    %pushi/vec4 0, 0, 1;
    %cmp/u;
    %jmp/1 T_7.14, 6;
    %dup/vec4;
    %pushi/vec4 1, 0, 1;
    %cmp/u;
    %jmp/1 T_7.15, 6;
    %jmp T_7.16;
T_7.14 ;
    %load/vec4 v0x575de425b050_0;
    %store/vec4 v0x575de425d420_0, 0, 16;
    %jmp T_7.16;
T_7.15 ;
    %load/vec4 v0x575de425b440_0;
    %store/vec4 v0x575de425d420_0, 0, 16;
    %jmp T_7.16;
T_7.16 ;
    %pop/vec4 1;
    %alloc S_0x575de425a6b0;
    %load/vec4 v0x575de425d420_0;
    %store/vec4 v0x575de425a940_0, 0, 16;
    %callf/vec4 TD_tb_control_store_random.dut.sqrt, S_0x575de425a6b0;
    %free S_0x575de425a6b0;
    %store/vec4 v0x575de425d500_0, 0, 16;
    %load/vec4 v0x575de425c5c0_0;
    %load/vec4 v0x575de425bda0_0;
    %add;
    %store/vec4 v0x575de425bbe0_0, 0, 16;
    %load/vec4 v0x575de425bbe0_0;
    %load/vec4 v0x575de425bcc0_0;
    %inv;
    %and;
    %store/vec4 v0x575de425bbe0_0, 0, 16;
    %load/vec4 v0x575de425ccc0_0;
    %dup/vec4;
    %pushi/vec4 0, 0, 2;
    %cmp/u;
    %jmp/1 T_7.17, 6;
    %dup/vec4;
    %pushi/vec4 1, 0, 2;
    %cmp/u;
    %jmp/1 T_7.18, 6;
    %dup/vec4;
    %pushi/vec4 2, 0, 2;
    %cmp/u;
    %jmp/1 T_7.19, 6;
    %dup/vec4;
    %pushi/vec4 3, 0, 2;
    %cmp/u;
    %jmp/1 T_7.20, 6;
    %jmp T_7.22;
T_7.17 ;
    %load/vec4 v0x575de425c5c0_0;
    %store/vec4 v0x575de425af70_0, 0, 16;
    %jmp T_7.22;
T_7.18 ;
    %load/vec4 v0x575de425bda0_0;
    %store/vec4 v0x575de425af70_0, 0, 16;
    %jmp T_7.22;
T_7.19 ;
    %load/vec4 v0x575de425d500_0;
    %store/vec4 v0x575de425af70_0, 0, 16;
    %jmp T_7.22;
T_7.20 ;
    %jmp T_7.22;
T_7.22 ;
    %pop/vec4 1;
    %load/vec4 v0x575de425d020_0;
    %dup/vec4;
    %pushi/vec4 0, 0, 2;
    %cmp/u;
    %jmp/1 T_7.23, 6;
    %dup/vec4;
    %pushi/vec4 1, 0, 2;
    %cmp/u;
    %jmp/1 T_7.24, 6;
    %dup/vec4;
    %pushi/vec4 2, 0, 2;
    %cmp/u;
    %jmp/1 T_7.25, 6;
    %dup/vec4;
    %pushi/vec4 3, 0, 2;
    %cmp/u;
    %jmp/1 T_7.26, 6;
    %jmp T_7.28;
T_7.23 ;
    %load/vec4 v0x575de425c5c0_0;
    %store/vec4 v0x575de425b360_0, 0, 16;
    %jmp T_7.28;
T_7.24 ;
    %load/vec4 v0x575de425bda0_0;
    %store/vec4 v0x575de425b360_0, 0, 16;
    %jmp T_7.28;
T_7.25 ;
    %load/vec4 v0x575de425d500_0;
    %store/vec4 v0x575de425b360_0, 0, 16;
    %jmp T_7.28;
T_7.26 ;
    %jmp T_7.28;
T_7.28 ;
    %pop/vec4 1;
    %jmp T_7;
    .thread T_7, $push;
    .scope S_0x575de4259850;
T_8 ;
    %wait E_0x575de41f18e0;
    %load/vec4 v0x575de425d2a0_0;
    %nor/r;
    %flag_set/vec4 8;
    %jmp/0xz  T_8.0, 8;
    %pushi/vec4 0, 0, 16;
    %assign/vec4 v0x575de425bda0_0, 0;
    %pushi/vec4 0, 0, 16;
    %assign/vec4 v0x575de425b050_0, 0;
    %pushi/vec4 0, 0, 16;
    %assign/vec4 v0x575de425b440_0, 0;
    %pushi/vec4 0, 0, 16;
    %assign/vec4 v0x575de425c1a0_0, 0;
    %jmp T_8.1;
T_8.0 ;
    %load/vec4 v0x575de425bb20_0;
    %flag_set/vec4 8;
    %jmp/0xz  T_8.2, 8;
    %pushi/vec4 0, 0, 16;
    %assign/vec4 v0x575de425bda0_0, 0;
T_8.2 ;
    %load/vec4 v0x575de425bbe0_0;
    %assign/vec4 v0x575de425bda0_0, 0;
    %load/vec4 v0x575de425ce80_0;
    %flag_set/vec4 8;
    %jmp/0xz  T_8.4, 8;
    %load/vec4 v0x575de425af70_0;
    %load/vec4 v0x575de425cda0_0;
    %pad/u 4;
    %ix/vec4 3;
    %ix/load 4, 0, 0; Constant delay
    %assign/vec4/a/d v0x575de425ae60, 0, 4;
T_8.4 ;
    %load/vec4 v0x575de425d1e0_0;
    %flag_set/vec4 8;
    %jmp/0xz  T_8.6, 8;
    %load/vec4 v0x575de425b360_0;
    %load/vec4 v0x575de425d100_0;
    %pad/u 4;
    %ix/vec4 3;
    %ix/load 4, 0, 0; Constant delay
    %assign/vec4/a/d v0x575de425b210, 0, 4;
T_8.6 ;
    %load/vec4 v0x575de425cbe0_0;
    %pad/u 4;
    %ix/vec4 4;
    %load/vec4a v0x575de425ae60, 4;
    %assign/vec4 v0x575de425b050_0, 0;
    %load/vec4 v0x575de425cf40_0;
    %pad/u 4;
    %ix/vec4 4;
    %load/vec4a v0x575de425b210, 4;
    %assign/vec4 v0x575de425b440_0, 0;
    %load/vec4 v0x575de425cb00_0;
    %pad/u 32;
    %cmpi/e 23, 0, 32;
    %jmp/0xz  T_8.8, 4;
    %load/vec4 v0x575de425c280_0;
    %assign/vec4 v0x575de425c1a0_0, 0;
T_8.8 ;
T_8.1 ;
    %jmp T_8;
    .thread T_8;
    .scope S_0x575de422b640;
T_9 ;
    %pushi/vec4 200, 0, 32;
    %store/vec4 v0x575de425f360_0, 0, 32;
    %pushi/vec4 0, 0, 32;
    %store/vec4 v0x575de425f710_0, 0, 32;
    %end;
    .thread T_9, $init;
    .scope S_0x575de422b640;
T_10 ;
    %pushi/vec4 0, 0, 1;
    %store/vec4 v0x575de425f430_0, 0, 1;
    %end;
    .thread T_10;
    .scope S_0x575de422b640;
T_11 ;
    %delay 50000, 0;
    %load/vec4 v0x575de425f430_0;
    %inv;
    %store/vec4 v0x575de425f430_0, 0, 1;
    %jmp T_11;
    .thread T_11;
    .scope S_0x575de422b640;
T_12 ;
    %pushi/vec4 0, 0, 1;
    %store/vec4 v0x575de425f940_0, 0, 1;
    %delay 200000, 0;
    %pushi/vec4 1, 0, 1;
    %store/vec4 v0x575de425f940_0, 0, 1;
    %vpi_call/w 3 51 "$display", "=== Starting Constrained-Random Cosine Similarity Tests ===" {0 0 0};
    %fork t_3, S_0x575de41faf70;
    %jmp t_2;
    .scope S_0x575de41faf70;
t_3 ;
    %pushi/vec4 0, 0, 32;
    %store/vec4 v0x575de42325b0_0, 0, 32;
T_12.0 ; Top of for-loop
    %load/vec4 v0x575de42325b0_0;
    %load/vec4 v0x575de425f360_0;
    %cmp/s;
	  %jmp/0xz T_12.1, 5;
    %pushi/vec4 0, 0, 1;
    %store/vec4 v0x575de425f940_0, 0, 1;
    %delay 200000, 0;
    %pushi/vec4 1, 0, 1;
    %store/vec4 v0x575de425f940_0, 0, 1;
    %vpi_func 3 59 "$urandom_range" 32, 32'sb00000000000000000000000000000000, 32'sb00000000000000000000000000001001 {0 0 0};
    %cmpi/e 0, 0, 32;
    %jmp/0xz  T_12.3, 4;
    %alloc S_0x575de425ddf0;
    %callf/vec4 TD_tb_control_store_random.random_vec, S_0x575de425ddf0;
    %free S_0x575de425ddf0;
    %store/vec4 v0x575de425f1e0_0, 0, 32;
    %load/vec4 v0x575de425f1e0_0;
    %store/vec4 v0x575de425f2c0_0, 0, 32;
    %vpi_call/w 3 62 "$display", "\012--- Test %0d (same vector case) ---", v0x575de42325b0_0 {0 0 0};
    %jmp T_12.4;
T_12.3 ;
    %alloc S_0x575de425ddf0;
    %callf/vec4 TD_tb_control_store_random.random_vec, S_0x575de425ddf0;
    %free S_0x575de425ddf0;
    %store/vec4 v0x575de425f1e0_0, 0, 32;
    %alloc S_0x575de425ddf0;
    %callf/vec4 TD_tb_control_store_random.random_vec, S_0x575de425ddf0;
    %free S_0x575de425ddf0;
    %store/vec4 v0x575de425f2c0_0, 0, 32;
    %vpi_call/w 3 67 "$display", "\012--- Test %0d ---", v0x575de42325b0_0 {0 0 0};
T_12.4 ;
    %vpi_call/w 3 70 "$display", "A_vec = %h | B_vec = %h", v0x575de425f1e0_0, v0x575de425f2c0_0 {0 0 0};
    %pushi/vec4 1, 0, 1;
    %store/vec4 v0x575de425fad0_0, 0, 1;
    %pushi/vec4 2, 0, 32;
T_12.5 %dup/vec4;
    %cmpi/s 0, 0, 32;
    %jmp/1xz T_12.6, 5;
    %jmp/1 T_12.6, 4;
    %subi 1, 0, 32;
    %wait E_0x575de4193ed0;
    %jmp T_12.5;
T_12.6 ;
    %pop/vec4 1;
    %pushi/vec4 0, 0, 1;
    %store/vec4 v0x575de425fad0_0, 0, 1;
T_12.7 ;
    %load/vec4 v0x575de425f5a0_0;
    %pushi/vec4 1, 0, 1;
    %cmp/e;
    %flag_get/vec4 4;
    %cmpi/ne 1, 0, 1;
    %jmp/0xz T_12.8, 6;
    %wait E_0x575de41d36c0;
    %jmp T_12.7;
T_12.8 ;
    %alloc S_0x575de425e480;
    %load/vec4 v0x575de425f1e0_0;
    %load/vec4 v0x575de425f2c0_0;
    %store/vec4 v0x575de425eab0_0, 0, 32;
    %store/vec4 v0x575de425e9b0_0, 0, 32;
    %callf/vec4 TD_tb_control_store_random.ref_cosine, S_0x575de425e480;
    %free S_0x575de425e480;
    %store/vec4 v0x575de425f670_0, 0, 16;
    %load/vec4 v0x575de425f500_0;
    %load/vec4 v0x575de425f670_0;
    %cmp/e;
    %jmp/0xz  T_12.9, 6;
    ; show_stmt_assign_vector: Get l-value for compressed += operand
    %load/vec4 v0x575de425f710_0;
    %pushi/vec4 1, 0, 32;
    %add;
    %cast2;
    %store/vec4 v0x575de425f710_0, 0, 32;
    %vpi_call/w 3 85 "$display", "PASS: DUT = %0d   REF = %0d", v0x575de425f500_0, v0x575de425f670_0 {0 0 0};
    %jmp T_12.10;
T_12.9 ;
    %vpi_call/w 3 87 "$display", "DUT = %0d     REF = %0d", v0x575de425f500_0, v0x575de425f670_0 {0 0 0};
T_12.10 ;
    %wait E_0x575de4193ed0;
T_12.2 ; for-loop step statement
    ; show_stmt_assign_vector: Get l-value for compressed += operand
    %load/vec4 v0x575de42325b0_0;
    %pushi/vec4 1, 0, 32;
    %add;
    %cast2;
    %store/vec4 v0x575de42325b0_0, 0, 32;
    %jmp T_12.0;
T_12.1 ; for-loop exit label
    %end;
    .scope S_0x575de422b640;
t_2 %join;
    %delay 100000, 0;
    %load/vec4 v0x575de425f710_0;
    %load/vec4 v0x575de425f360_0;
    %div/s;
    %muli 100, 0, 32;
    %cvt/rv/s;
    %store/real v0x575de425f7f0_0;
    %vpi_call/w 3 95 "$display", "\012=== SUMMARY ===" {0 0 0};
    %vpi_call/w 3 96 "$display", "Total Tests = %0d", v0x575de425f360_0 {0 0 0};
    %vpi_call/w 3 97 "$display", "Passed      = %0d", v0x575de425f710_0 {0 0 0};
    %vpi_call/w 3 98 "$display", "Pass Rate   = %f", v0x575de425f7f0_0 {0 0 0};
    %vpi_call/w 3 99 "$display", "====================\012" {0 0 0};
    %vpi_call/w 3 101 "$finish" {0 0 0};
    %end;
    .thread T_12;
# The file index is used to find the file name in the following table.
:file_names 5;
    "N/A";
    "<interactive>";
    "-";
    "tb_control_store_random.sv";
    "control_store.sv";
